// Jest Snapshot v1, https://goo.gl/fbAQLP

exports[`Home renders a snapshot correctly 1`] = `
<div>
  <div
    class="container"
  >
    <main>
      <h1
        class="title"
      >
        Welcome to 
        <a
          href="https://nextjs.org"
        >
          Next.js
        </a>
         
        Tester
        !
      </h1>
      <p
        class="description"
      >
        Get started by editing 
        <code>
          pages/index.js
        </code>
      </p>
    </main>
  </div>
</div>
`;
